// Vitest Snapshot v1, https://vitest.dev/guide/snapshot.html

exports[`fidelity — generated content tree snapshot > matches the recorded cross-link mapping 1`] = `
[
  {
    "practiceId": "branch-protections-single-pr-approvals",
    "rowKey": "st-01--scm-ci-cd",
  },
  {
    "practiceId": "automated-ci-pipelines-for-main-pull-requests",
    "rowKey": "st-02--scm-ci-cd",
  },
  {
    "practiceId": "automated-secret-scanning-in-ci-pre-commit-hooks",
    "rowKey": "st-03--scm-ci-cd",
  },
  {
    "practiceId": "backward-compatible-database-migrations-expand-and-contract",
    "rowKey": "st-04--scm-ci-cd",
  },
  {
    "practiceId": "progressive-delivery-canary-deployments-optional-for-startup",
    "rowKey": "st-05--scm-ci-cd",
  },
  {
    "practiceId": "managed-application-platforms",
    "rowKey": "st-06--infrastructure",
  },
  {
    "practiceId": "infrastructure-as-code",
    "rowKey": "st-07--infrastructure",
  },
  {
    "practiceId": "isolated-staging-production-environments-staging-env-is-optional-for-the-startup-or-small-company",
    "rowKey": "st-08--infrastructure",
  },
  {
    "practiceId": "edge-security-waf-ingress-rate-limiting-optional-for-startup",
    "rowKey": "st-09--infrastructure",
  },
  {
    "practiceId": "cloud-finops-guardrails-budget-ceilings",
    "rowKey": "st-10--infrastructure",
  },
  {
    "practiceId": "automated-core-integration-api-tests",
    "rowKey": "st-10--testing-quality",
  },
  {
    "practiceId": "pinned-dependencies-automated-security-audits-optional-for-startup",
    "rowKey": "st-11--testing-quality",
  },
  {
    "practiceId": "centralized-secret-environment-variable-management-implement-in-startup-if-they-want-more-security",
    "rowKey": "st-12--security",
  },
  {
    "practiceId": "enforced-two-factor-authentication",
    "rowKey": "st-14--security",
  },
  {
    "practiceId": "automated-container-binary-vulnerability-scanning",
    "rowKey": "st-13--security",
  },
  {
    "practiceId": "secure-container-registries-access-control",
    "rowKey": "st-15--security",
  },
  {
    "practiceId": "centralized-application-exception-tracking",
    "rowKey": "st-16--observability",
  },
  {
    "practiceId": "structured-log-aggregation-search",
    "rowKey": "st-17--observability",
  },
  {
    "practiceId": "uptime-monitoring-basic-paging-alerts",
    "rowKey": "st-18--observability",
  },
  {
    "practiceId": "golden-signals-slis-slo-tracking",
    "rowKey": "st-19--observability",
  },
  {
    "practiceId": "distributed-apm-opentelemetry-tracing",
    "rowKey": "st-20--observability",
  },
  {
    "practiceId": "on-call-rotation-and-incident-routing-optional-for-startups",
    "rowKey": "st-21--observability",
  },
  {
    "practiceId": "automated-database-backups-point-in-time-recovery",
    "rowKey": "st-23--disaster-recovery",
  },
  {
    "practiceId": "documented-rollback-procedure-one-click-reverts",
    "rowKey": "st-22--disaster-recovery",
  },
]
`;

exports[`fidelity — generated content tree snapshot > matches the recorded shape of the checklist 1`] = `
{
  "implementationOrderHeading": "Suggested Implementation Order",
  "notes": {
    "heading": "Notes & Decisions",
    "noteSections": [
      {
        "heading": "Architecture Notes",
        "id": "architecture-notes",
        "prompt": "Add infrastructure decisions, diagrams, constraints, and important assumptions here.",
      },
      {
        "heading": "Security Notes",
        "id": "security-notes",
        "prompt": "Add security exceptions, access-control decisions, secret-rotation policies, and audit findings here.",
      },
      {
        "heading": "Incident / Recovery Notes",
        "id": "incident-recovery-notes",
        "prompt": "Record backup-restore tests, rollback tests, incidents, RCA links, and lessons learned here.",
      },
    ],
    "openIssues": [
      {
        "id": "open-issues--item-1",
        "rawText": "",
        "sourceLine": 81,
        "text": "",
      },
      {
        "id": "open-issues--item-2",
        "rawText": "",
        "sourceLine": 82,
        "text": "",
      },
      {
        "id": "open-issues--item-3",
        "rawText": "",
        "sourceLine": 83,
        "text": "",
      },
    ],
    "openIssuesHeading": "Open Issues",
    "usefulLinks": [
      {
        "id": "repository",
        "label": "Repository",
        "value": "",
      },
      {
        "id": "ci-cd",
        "label": "CI/CD",
        "value": "",
      },
      {
        "id": "infrastructure-repository",
        "label": "Infrastructure repository",
        "value": "",
      },
      {
        "id": "monitoring",
        "label": "Monitoring",
        "value": "",
      },
      {
        "id": "logging",
        "label": "Logging",
        "value": "",
      },
      {
        "id": "error-tracking",
        "label": "Error tracking",
        "value": "",
      },
      {
        "id": "backup-dr-documentation",
        "label": "Backup/DR documentation",
        "value": "",
      },
      {
        "id": "incident-runbook",
        "label": "Incident runbook",
        "value": "",
      },
      {
        "id": "architecture-diagram",
        "label": "Architecture diagram",
        "value": "",
      },
    ],
    "usefulLinksHeading": "Useful Links",
  },
  "phases": [
    {
      "heading": "Phase 1 — Foundations: Infrastructure, Identity & Data Safety",
      "id": "phase-1-foundations-infrastructure-identity-data-safety",
      "items": [
        {
          "id": "phase-1-foundations-infrastructure-identity-data-safety--managed-application-platform-provisioning",
          "rawText": "Managed application platform provisioning",
          "sourceLine": 11,
          "text": "Managed application platform provisioning",
        },
        {
          "id": "phase-1-foundations-infrastructure-identity-data-safety--infrastructure-as-code-iac-with-remote-state-locking",
          "rawText": "Infrastructure as Code (IaC) with remote state locking",
          "sourceLine": 12,
          "text": "Infrastructure as Code (IaC) with remote state locking",
        },
        {
          "id": "phase-1-foundations-infrastructure-identity-data-safety--automated-database-backups-continuous-point-in-time-recovery-pitr",
          "rawText": "Automated database backups & continuous Point-in-Time Recovery (PITR)",
          "sourceLine": 13,
          "text": "Automated database backups & continuous Point-in-Time Recovery (PITR)",
        },
        {
          "id": "phase-1-foundations-infrastructure-identity-data-safety--centralized-secret-management-no-plaintext-env-files",
          "rawText": "Centralized secret management (no plaintext \`.env\` files)",
          "sourceLine": 14,
          "text": "Centralized secret management (no plaintext \`.env\` files)",
        },
        {
          "id": "phase-1-foundations-infrastructure-identity-data-safety--organization-wide-2fa-enforcement",
          "rawText": "Organization-wide 2FA enforcement",
          "sourceLine": 15,
          "text": "Organization-wide 2FA enforcement",
        },
        {
          "id": "phase-1-foundations-infrastructure-identity-data-safety--environment-isolation-staging-and-production",
          "rawText": "Environment isolation (Staging and Production)",
          "sourceLine": 16,
          "text": "Environment isolation (Staging and Production)",
        },
      ],
      "label": "Phase 1",
      "sourceLine": 9,
      "title": "Foundations: Infrastructure, Identity & Data Safety",
    },
    {
      "heading": "Phase 2 — Quality & CI Pipeline Gating",
      "id": "phase-2-quality-ci-pipeline-gating",
      "items": [
        {
          "id": "phase-2-quality-ci-pipeline-gating--trunk-branch-protections-code-review-enforcement",
          "rawText": "Trunk branch protections & code review enforcement",
          "sourceLine": 20,
          "text": "Trunk branch protections & code review enforcement",
        },
        {
          "id": "phase-2-quality-ci-pipeline-gating--automated-ci-pipeline-with-sub-5-minute-feedback-loop",
          "rawText": "Automated CI pipeline with sub-5-minute feedback loop",
          "sourceLine": 21,
          "text": "Automated CI pipeline with sub-5-minute feedback loop",
        },
        {
          "id": "phase-2-quality-ci-pipeline-gating--automated-secret-scanning-pre-commit-push-hooks",
          "rawText": "Automated secret scanning (pre-commit & push hooks)",
          "sourceLine": 22,
          "text": "Automated secret scanning (pre-commit & push hooks)",
        },
        {
          "id": "phase-2-quality-ci-pipeline-gating--dependency-lockfile-pinning-vulnerability-scans-sca",
          "rawText": "Dependency lockfile pinning & vulnerability scans (SCA)",
          "sourceLine": 23,
          "text": "Dependency lockfile pinning & vulnerability scans (SCA)",
        },
        {
          "id": "phase-2-quality-ci-pipeline-gating--automated-core-integration-api-tests",
          "rawText": "Automated core integration & API tests",
          "sourceLine": 24,
          "text": "Automated core integration & API tests",
        },
        {
          "id": "phase-2-quality-ci-pipeline-gating--container-image-scanning-secure-registry-controls",
          "rawText": "Container image scanning & secure registry controls",
          "sourceLine": 25,
          "text": "Container image scanning & secure registry controls",
        },
      ],
      "label": "Phase 2",
      "sourceLine": 18,
      "title": "Quality & CI Pipeline Gating",
    },
    {
      "heading": "Phase 3 — Observability & SRE Mechanics",
      "id": "phase-3-observability-sre-mechanics",
      "items": [
        {
          "id": "phase-3-observability-sre-mechanics--centralized-application-exception-tracking",
          "rawText": "Centralized application exception tracking",
          "sourceLine": 29,
          "text": "Centralized application exception tracking",
        },
        {
          "id": "phase-3-observability-sre-mechanics--structured-json-logging-with-request-correlation-ids",
          "rawText": "Structured JSON logging with request correlation IDs",
          "sourceLine": 30,
          "text": "Structured JSON logging with request correlation IDs",
        },
        {
          "id": "phase-3-observability-sre-mechanics--external-uptime-monitoring-basic-health-checks",
          "rawText": "External uptime monitoring & basic health checks",
          "sourceLine": 31,
          "text": "External uptime monitoring & basic health checks",
        },
        {
          "id": "phase-3-observability-sre-mechanics--golden-signals-slis-slo-tracking-p95-p99-latency",
          "rawText": "Golden Signals, SLIs & SLO tracking (p95/p99 latency)",
          "sourceLine": 32,
          "text": "Golden Signals, SLIs & SLO tracking (p95/p99 latency)",
        },
        {
          "id": "phase-3-observability-sre-mechanics--on-call-rotation-paging-escalation-paths",
          "rawText": "On-call rotation & paging escalation paths",
          "sourceLine": 33,
          "text": "On-call rotation & paging escalation paths",
        },
        {
          "id": "phase-3-observability-sre-mechanics--empirical-database-restore-drill-execution",
          "rawText": "Empirical database restore drill execution",
          "sourceLine": 34,
          "text": "Empirical database restore drill execution",
        },
      ],
      "label": "Phase 3",
      "sourceLine": 27,
      "title": "Observability & SRE Mechanics",
    },
    {
      "heading": "Phase 4 — Safe Release Engineering, Edge & Cost Controls",
      "id": "phase-4-safe-release-engineering-edge-cost-controls",
      "items": [
        {
          "id": "phase-4-safe-release-engineering-edge-cost-controls--backward-compatible-database-migrations-expand-and-contract",
          "rawText": "Backward-compatible database migrations (expand-and-contract)",
          "sourceLine": 38,
          "text": "Backward-compatible database migrations (expand-and-contract)",
        },
        {
          "id": "phase-4-safe-release-engineering-edge-cost-controls--documented-rollback-procedure-one-click-reverts",
          "rawText": "Documented rollback procedure & one-click reverts",
          "sourceLine": 39,
          "text": "Documented rollback procedure & one-click reverts",
        },
        {
          "id": "phase-4-safe-release-engineering-edge-cost-controls--progressive-delivery-canary-rollouts-feature-flags",
          "rawText": "Progressive delivery (canary rollouts/feature flags)",
          "sourceLine": 40,
          "text": "Progressive delivery (canary rollouts/feature flags)",
        },
        {
          "id": "phase-4-safe-release-engineering-edge-cost-controls--edge-security-waf-ingress-rate-limiting",
          "rawText": "Edge security, WAF & ingress rate limiting",
          "sourceLine": 41,
          "text": "Edge security, WAF & ingress rate limiting",
        },
        {
          "id": "phase-4-safe-release-engineering-edge-cost-controls--cloud-finops-spend-ceilings-budget-alerts",
          "rawText": "Cloud FinOps spend ceilings & budget alerts",
          "sourceLine": 42,
          "text": "Cloud FinOps spend ceilings & budget alerts",
        },
      ],
      "label": "Phase 4",
      "sourceLine": 36,
      "title": "Safe Release Engineering, Edge & Cost Controls",
    },
  ],
  "readinessGate": {
    "criteria": [
      {
        "id": "readiness--infrastructure-is-provisioned-declaratively-via-iac-with-remote-state-locking",
        "rawText": "Infrastructure is provisioned declaratively via IaC with remote state locking",
        "sourceLine": 48,
        "text": "Infrastructure is provisioned declaratively via IaC with remote state locking",
      },
      {
        "id": "readiness--database-point-in-time-recovery-pitr-is-active-and-an-initial-restore-drill-has-passed",
        "rawText": "Database Point-in-Time Recovery (PITR) is active, and an initial restore drill has passed",
        "sourceLine": 49,
        "text": "Database Point-in-Time Recovery (PITR) is active, and an initial restore drill has passed",
      },
      {
        "id": "readiness--secrets-are-centralized-in-a-dedicated-vault-zero-plain-text-production-secrets-in-repos",
        "rawText": "Secrets are centralized in a dedicated vault; zero plain-text production secrets in repos",
        "sourceLine": 50,
        "text": "Secrets are centralized in a dedicated vault; zero plain-text production secrets in repos",
      },
      {
        "id": "readiness--2fa-is-enforced-across-cloud-repository-and-saas-tooling",
        "rawText": "2FA is enforced across cloud, repository, and SaaS tooling",
        "sourceLine": 51,
        "text": "2FA is enforced across cloud, repository, and SaaS tooling",
      },
      {
        "id": "readiness--code-cannot-be-pushed-directly-to-production-trunk-branches",
        "rawText": "Code cannot be pushed directly to production trunk branches",
        "sourceLine": 52,
        "text": "Code cannot be pushed directly to production trunk branches",
      },
      {
        "id": "readiness--pull-requests-have-automated-ci-checks-completing-in-under-5-minutes",
        "rawText": "Pull requests have automated CI checks completing in under 5 minutes",
        "sourceLine": 53,
        "text": "Pull requests have automated CI checks completing in under 5 minutes",
      },
      {
        "id": "readiness--dependencies-are-pinned-and-scanned-for-known-vulnerabilities",
        "rawText": "Dependencies are pinned and scanned for known vulnerabilities",
        "sourceLine": 54,
        "text": "Dependencies are pinned and scanned for known vulnerabilities",
      },
      {
        "id": "readiness--critical-business-paths-have-automated-integration-e2e-coverage",
        "rawText": "Critical business paths have automated integration/E2E coverage",
        "sourceLine": 55,
        "text": "Critical business paths have automated integration/E2E coverage",
      },
      {
        "id": "readiness--containers-are-built-from-minimal-images-and-scanned-for-vulnerabilities",
        "rawText": "Containers are built from minimal images and scanned for vulnerabilities",
        "sourceLine": 56,
        "text": "Containers are built from minimal images and scanned for vulnerabilities",
      },
      {
        "id": "readiness--application-exceptions-are-monitored-with-real-time-alerting",
        "rawText": "Application exceptions are monitored with real-time alerting",
        "sourceLine": 57,
        "text": "Application exceptions are monitored with real-time alerting",
      },
      {
        "id": "readiness--structured-logs-are-centralized-and-searchable-via-correlation-ids",
        "rawText": "Structured logs are centralized and searchable via correlation IDs",
        "sourceLine": 58,
        "text": "Structured logs are centralized and searchable via correlation IDs",
      },
      {
        "id": "readiness--golden-signal-metrics-p95-p99-latency-error-rates-and-uptime-probes-are-active",
        "rawText": "Golden signal metrics (p95/p99 latency, error rates) and uptime probes are active",
        "sourceLine": 59,
        "text": "Golden signal metrics (p95/p99 latency, error rates) and uptime probes are active",
      },
      {
        "id": "readiness--on-call-escalation-paths-and-runbooks-are-documented",
        "rawText": "On-call escalation paths and runbooks are documented",
        "sourceLine": 60,
        "text": "On-call escalation paths and runbooks are documented",
      },
      {
        "id": "readiness--releases-support-backward-compatible-migrations-and-fast-one-click-rollback",
        "rawText": "Releases support backward-compatible migrations and fast one-click rollback",
        "sourceLine": 61,
        "text": "Releases support backward-compatible migrations and fast one-click rollback",
      },
      {
        "id": "readiness--public-ingress-endpoints-are-protected-by-rate-limiting-and-waf",
        "rawText": "Public ingress endpoints are protected by rate limiting and WAF",
        "sourceLine": 62,
        "text": "Public ingress endpoints are protected by rate limiting and WAF",
      },
      {
        "id": "readiness--cloud-billing-budget-alerts-and-auto-scaling-limits-are-configured",
        "rawText": "Cloud billing budget alerts and auto-scaling limits are configured",
        "sourceLine": 63,
        "text": "Cloud billing budget alerts and auto-scaling limits are configured",
      },
    ],
    "heading": "Production Readiness Gate",
    "intro": "Before calling the system **production-ready**, confirm:",
  },
  "title": "DevOps Operational Checklist",
  "trackerLinkLabel": "Implementation Tracker",
  "trackerLinkTarget": "Implementation%20Tracker%203f1e3ade4b32805d868ed8dcec71f05b.csv",
}
`;

exports[`fidelity — generated content tree snapshot > matches the recorded shape of the guide 1`] = `
{
  "categories": [
    {
      "heading": "1. Source Code Management & CI/CD",
      "id": "1-source-code-management-ci-cd",
      "ordinal": "1",
      "practices": [
        {
          "categoryId": "1-source-code-management-ci-cd",
          "checkboxLabel": "Implementation complete",
          "description": "Enforce branch protection on \`main\`/\`master\`. Prohibit direct pushes and require at least one peer code review before merging.",
          "heading": "Branch Protections & Single PR Approvals",
          "headingRaw": "Branch Protections & Single PR Approvals",
          "id": "branch-protections-single-pr-approvals",
          "keyConcepts": [
            "GitHub/GitLab/Bitbucket branch protection",
            "Single reviewer rule",
            "Squash merging",
          ],
          "orderInCategory": 1,
          "recommendedTools": "GitHub / GitLab / Bitbucket",
          "sourceLine": 20,
          "sourceOrder": 1,
          "verificationGate": "Attempt a direct push to \`main\` using Git CLI. The push must be rejected.",
          "whyItMatters": "Prevents broken builds or accidental code overwrites in production without slowing down developer flow.",
        },
        {
          "categoryId": "1-source-code-management-ci-cd",
          "checkboxLabel": "Implementation complete",
          "description": "Run automated build, lint, and unit-test checks on every pull request and main-branch commit.",
          "heading": "Automated CI Pipelines for Main & Pull Requests",
          "headingRaw": "Automated CI Pipelines for Main & Pull Requests",
          "id": "automated-ci-pipelines-for-main-pull-requests",
          "keyConcepts": [
            "GitHub Actions / CircleCI",
            "Fast feedback loop — target under 5 minutes",
            "Parallel testing",
          ],
          "orderInCategory": 2,
          "recommendedTools": "GitHub Actions / Vercel Builds / CircleCI",
          "sourceLine": 32,
          "sourceOrder": 2,
          "verificationGate": "Open a PR with a deliberately broken test. CI must fail and block merging.",
          "whyItMatters": "Catches breaking changes before they reach staging or production.",
        },
        {
          "categoryId": "1-source-code-management-ci-cd",
          "checkboxLabel": "Implementation complete",
          "description": "Scan code for API keys, tokens, database credentials, certificates, and other secrets before pushing code.",
          "heading": "Automated Secret Scanning in CI & Pre-Commit Hooks",
          "headingRaw": "Automated Secret Scanning in CI & Pre-Commit Hooks",
          "id": "automated-secret-scanning-in-ci-pre-commit-hooks",
          "keyConcepts": [
            "Gitleaks / TruffleHog",
            "Pre-commit hooks",
            "Repository push protection",
          ],
          "orderInCategory": 3,
          "recommendedTools": "Gitleaks / TruffleHog / GitGuardian",
          "sourceLine": 44,
          "sourceOrder": 3,
          "verificationGate": "Commit a dummy high-entropy secret-like value. The scanner must trigger an alert/block.",
          "whyItMatters": "Prevents credentials from reaching repositories and reduces the risk of infrastructure compromise.",
        },
        {
          "categoryId": "1-source-code-management-ci-cd",
          "checkboxLabel": "Implementation complete",
          "description": "Enforce safe schema evolution where database changes are decoupled from code releases (e.g., adding a column before using it, never dropping columns/tables in the same release).",
          "heading": "Backward-Compatible Database Migrations (Expand and Contract)",
          "headingRaw": "Backward-Compatible Database Migrations (Expand and Contract)",
          "id": "backward-compatible-database-migrations-expand-and-contract",
          "keyConcepts": [
            "Expand-and-contract pattern",
            "Non-breaking migrations",
            "Decoupled deployments",
          ],
          "orderInCategory": 4,
          "recommendedTools": "Prisma Migrate / Alembic / Flyway / native ORM migration tools",
          "sourceLine": 56,
          "sourceOrder": 4,
          "verificationGate": "Simulate a rollback from Code Version N+1 to Version N while running the new schema. The older version must still function without errors.",
          "whyItMatters": "Prevents application errors during rollbacks and ensures zero-downtime schema updates.",
        },
        {
          "categoryId": "1-source-code-management-ci-cd",
          "checkboxLabel": "Implementation complete",
          "description": "Implement progressive rollout mechanics (canary deployments, blue-green cutovers, or dynamic feature flags) rather than routing 100% of production traffic to new code immediately.",
          "heading": "Progressive Delivery & Canary Deployments (Optional For Startup)",
          "headingRaw": "Progressive Delivery & Canary Deployments (Optional For Startup)",
          "id": "progressive-delivery-canary-deployments-optional-for-startup",
          "keyConcepts": [
            "Canary rollouts (e.g., 5% → 25% → 100%)",
            "Feature flag decoupling",
            "Automated metric-based rollbacks",
          ],
          "orderInCategory": 5,
          "recommendedTools": "LaunchDarkly / Unleash / Argo Rollouts / Flagger / Cloud platform traffic splitting",
          "sourceLine": 68,
          "sourceOrder": 5,
          "verificationGate": "Deploy a release configured to route 10% of traffic to a canary build; verify traffic splits accurately and automated rollback triggers if canary metrics fail.",
          "whyItMatters": "Limits blast radius. If a regression escapes CI, only a small percentage of users are impacted while automated gates detect degradation and roll back safely.",
        },
      ],
      "sourceLine": 18,
      "title": "Source Code Management & CI/CD",
    },
    {
      "heading": "2. Infrastructure",
      "id": "2-infrastructure",
      "ordinal": "2",
      "practices": [
        {
          "categoryId": "2-infrastructure",
          "checkboxLabel": "Implementation complete",
          "description": "Prefer managed application platforms, managed containers, PaaS, or managed Kubernetes over manually maintaining raw virtual machines when practical.",
          "heading": "Managed Application Platforms",
          "headingRaw": "Managed Application Platforms",
          "id": "managed-application-platforms",
          "keyConcepts": [
            "PaaS",
            "Automated HTTPS",
            "Managed containers",
          ],
          "orderInCategory": 1,
          "recommendedTools": "Vercel / Render / managed Kubernetes / equivalent platform",
          "sourceLine": 82,
          "sourceOrder": 6,
          "verificationGate": "Verify the application can scale according to platform capabilities and TLS certificates are renewed automatically.",
          "whyItMatters": "Reduces OS patching, load-balancer, hardware, and platform-maintenance overhead.",
        },
        {
          "categoryId": "2-infrastructure",
          "checkboxLabel": "Implementation complete",
          "description": "Provision databases, object storage, DNS, networking, and other infrastructure using declarative IaC.",
          "heading": "Infrastructure as Code",
          "headingRaw": "Infrastructure as Code",
          "id": "infrastructure-as-code",
          "keyConcepts": [
            "Terraform / CloudFormation",
            "Remote state and locking",
            "No ClickOps",
          ],
          "orderInCategory": 2,
          "recommendedTools": "Terraform / CloudFormation / Pulumi",
          "sourceLine": 94,
          "sourceOrder": 7,
          "verificationGate": "Run \`terraform plan\` and confirm production infrastructure is represented in code/state.",
          "whyItMatters": "Eliminates ClickOps errors and allows environments to be recreated consistently.",
        },
        {
          "categoryId": "2-infrastructure",
          "checkboxLabel": "Implementation complete",
          "description": "Maintain isolated staging and production environments with separate databases, credentials, secrets, and configuration.",
          "heading": "Isolated Staging & Production Environments (Staging Env is Optional for the Startup or small company)",
          "headingRaw": "Isolated Staging & Production Environments (Staging Env is Optional for the Startup or small company)",
          "id": "isolated-staging-production-environments-staging-env-is-optional-for-the-startup-or-small-company",
          "keyConcepts": [
            "Environment parity",
            "Database isolation",
            "Runtime environment variables",
          ],
          "orderInCategory": 3,
          "recommendedTools": "Separate cloud projects/accounts, isolated platform environments, separate database instances",
          "sourceLine": 106,
          "sourceOrder": 8,
          "verificationGate": "Verify that staging cannot connect to the production database.",
          "whyItMatters": "Prevents testing, migrations, or experiments from corrupting real customer data.",
        },
        {
          "categoryId": "2-infrastructure",
          "checkboxLabel": "Implementation complete",
          "description": "Enforce edge protection, Web Application Firewall (WAF) filtering, and API gateway rate limiting on all public ingress points.",
          "heading": "Edge Security, WAF & Ingress Rate Limiting (Optional For Startup)",
          "headingRaw": "Edge Security, WAF & Ingress Rate Limiting (Optional For Startup)",
          "id": "edge-security-waf-ingress-rate-limiting-optional-for-startup",
          "keyConcepts": [
            "Token-bucket / sliding-window rate limiting",
            "Managed WAF rulesets (OWASP Top 10)",
            "Automated DDoS protection",
          ],
          "orderInCategory": 4,
          "recommendedTools": "Cloudflare / AWS WAF / Fastly / Envoy Gateway",
          "sourceLine": 118,
          "sourceOrder": 9,
          "verificationGate": "Execute an automated script exceeding the allowed request threshold against an API endpoint; the gateway must return HTTP 429 Too Many Requests.",
          "whyItMatters": "Prevents brute-force attacks, credential stuffing, distributed denial of service (DDoS), and aggressive web scrapers from exhausting backend compute.",
        },
        {
          "categoryId": "2-infrastructure",
          "checkboxLabel": "Implementation complete",
          "description": "Establish explicit cloud spending alerts, hard quota ceilings, and auto-scaling instance caps across all cloud accounts.",
          "heading": "Cloud FinOps Guardrails & Budget Ceilings",
          "headingRaw": "Cloud FinOps Guardrails & Budget Ceilings",
          "id": "cloud-finops-guardrails-budget-ceilings",
          "keyConcepts": [
            "Tiered budget threshold alerts (50%, 75%, 90%, 100%)",
            "Auto-scaling instance ceilings",
            "Anomaly spend detection",
          ],
          "orderInCategory": 5,
          "recommendedTools": "AWS Budgets / GCP Cloud Billing Alerts / Infracost / Vantage",
          "sourceLine": 130,
          "sourceOrder": 10,
          "verificationGate": "Set a deliberate test billing notification threshold near current spend and verify automated notification arrives in the engineering alerting channel.",
          "whyItMatters": "Prevents accidental billing spikes caused by runaway cloud jobs, misconfigured auto-scaling policies, or denial-of-wallet incidents.",
        },
      ],
      "sourceLine": 80,
      "title": "Infrastructure",
    },
    {
      "heading": "3. Testing & Quality",
      "id": "3-testing-quality",
      "ordinal": "3",
      "practices": [
        {
          "categoryId": "3-testing-quality",
          "checkboxLabel": "Implementation complete",
          "description": "Implement integration and end-to-end tests for critical business flows such as signup, authentication, checkout, and other revenue-generating paths.",
          "heading": "Automated Core Integration & API Tests",
          "headingRaw": "Automated Core Integration & API Tests",
          "id": "automated-core-integration-api-tests",
          "keyConcepts": [
            "End-to-end testing",
            "API integration testing",
            "Critical-path coverage",
          ],
          "orderInCategory": 1,
          "recommendedTools": "Playwright / Vitest / Postman CLI",
          "sourceLine": 144,
          "sourceOrder": 11,
          "verificationGate": "Run the E2E/integration suite against staging before promoting a production release.",
          "whyItMatters": "Protects critical functionality during frequent deployments.",
        },
        {
          "categoryId": "3-testing-quality",
          "checkboxLabel": "Implementation complete",
          "description": "Lock dependency versions and automate recurring dependency vulnerability scans.",
          "heading": "Pinned Dependencies & Automated Security Audits (Optional For Startup)",
          "headingRaw": "Pinned Dependencies & Automated Security Audits (Optional For Startup)",
          "id": "pinned-dependencies-automated-security-audits-optional-for-startup",
          "keyConcepts": [
            "Lockfiles",
            "Dependabot / Renovate",
            "Software Composition Analysis",
          ],
          "orderInCategory": 2,
          "recommendedTools": "GitHub Dependabot / Snyk / Trivy",
          "sourceLine": 156,
          "sourceOrder": 12,
          "verificationGate": "Confirm the appropriate lockfile exists and automated dependency security alerts are enabled.",
          "whyItMatters": "Prevents unexpected breakage from transitive dependency updates and identifies vulnerable packages.",
        },
      ],
      "sourceLine": 142,
      "title": "Testing & Quality",
    },
    {
      "heading": "4. Security",
      "id": "4-security",
      "ordinal": "4",
      "practices": [
        {
          "categoryId": "4-security",
          "checkboxLabel": "Implementation complete",
          "description": "Store secrets in a centralized secret-management system rather than hardcoded \`.env\` files or source code.",
          "heading": "Centralized Secret & Environment Variable Management (Implement in Startup, if they want more security)",
          "headingRaw": "Centralized Secret & Environment Variable Management (Implement in Startup, if they want more security)",
          "id": "centralized-secret-environment-variable-management-implement-in-startup-if-they-want-more-security",
          "keyConcepts": [
            "Secret vault",
            "Environment injection",
            "Secret rotation",
          ],
          "orderInCategory": 1,
          "recommendedTools": "Doppler / Infisical / platform-native secret manager",
          "sourceLine": 170,
          "sourceOrder": 13,
          "verificationGate": "Confirm real production secrets are not committed to repositories or stored on developer machines unnecessarily.",
          "whyItMatters": "Enables secure access, controlled rotation, and prevents credentials from being shared in plain text.",
        },
        {
          "categoryId": "4-security",
          "checkboxLabel": "Implementation complete",
          "description": "Mandate hardware-key or TOTP-based 2FA across source control, infrastructure, cloud, communication, and other critical SaaS tools.",
          "heading": "Enforced Two-Factor Authentication",
          "headingRaw": "Enforced Two-Factor Authentication",
          "id": "enforced-two-factor-authentication",
          "keyConcepts": [
            "TOTP / security keys",
            "Organization-wide 2FA enforcement",
            "Least-privilege access",
          ],
          "orderInCategory": 2,
          "recommendedTools": "1Password / Google Authenticator / Okta/hardware security keys",
          "sourceLine": 182,
          "sourceOrder": 14,
          "verificationGate": "Check administrative dashboards and confirm 2FA enforcement is active for all users where supported.",
          "whyItMatters": "Reduces the risk of account takeover and phishing-based infrastructure compromise.",
        },
        {
          "categoryId": "4-security",
          "checkboxLabel": "Implementation complete",
          "description": "Scan container images for OS-package and dependency vulnerabilities before deployment.",
          "heading": "Automated Container & Binary Vulnerability Scanning",
          "headingRaw": "Automated Container & Binary Vulnerability Scanning",
          "id": "automated-container-binary-vulnerability-scanning",
          "keyConcepts": [
            "Container scanning",
            "CVE severity thresholds",
            "Minimal/distroless images",
          ],
          "orderInCategory": 3,
          "recommendedTools": "Trivy / Docker Scout / equivalent registry scanner",
          "sourceLine": 194,
          "sourceOrder": 15,
          "verificationGate": "Build an image with a known outdated base package and verify that the scanner reports the vulnerability.",
          "whyItMatters": "Identifies critical Linux and application vulnerabilities before they reach production.",
        },
        {
          "categoryId": "4-security",
          "checkboxLabel": "Implementation complete",
          "description": "Secure your container registries with strict least-privilege access, short-lived tokens, and vulnerability gating before push/pull.",
          "heading": "Secure Container Registries & Access Control",
          "headingRaw": "Secure Container Registries & Access Control",
          "id": "secure-container-registries-access-control",
          "keyConcepts": [
            "Private registry IAM",
            "Short-lived registry credentials",
            "Image signing/provenance",
          ],
          "orderInCategory": 4,
          "recommendedTools": "AWS ECR / GitHub Packages (GHCR) / Docker Hub private repositories",
          "sourceLine": 206,
          "sourceOrder": 16,
          "verificationGate": "Attempt to pull a production container image using an expired or unauthenticated token; the request must be denied.",
          "whyItMatters": "Prevents unauthorized tampering with production images or malicious code injection into your deployment pipeline.",
        },
      ],
      "sourceLine": 168,
      "title": "Security",
    },
    {
      "heading": "5. Observability (Optional For Startup)",
      "id": "5-observability-optional-for-startup",
      "ordinal": "5",
      "practices": [
        {
          "categoryId": "5-observability-optional-for-startup",
          "checkboxLabel": "Implementation complete",
          "description": "Instrument backend and frontend applications with real-time exception tracking.",
          "heading": "Centralized Application Exception Tracking",
          "headingRaw": "Centralized Application Exception Tracking",
          "id": "centralized-application-exception-tracking",
          "keyConcepts": [
            "Exception monitoring",
            "Stack-trace inspection",
            "Release correlation",
          ],
          "orderInCategory": 1,
          "recommendedTools": "Sentry / Rollbar / Highlight.io",
          "sourceLine": 220,
          "sourceOrder": 17,
          "verificationGate": "Trigger a controlled unhandled error in staging and confirm the alert arrives in the configured notification channel.",
          "whyItMatters": "Gives engineers stack traces, release context, and alerts when users encounter failures.",
        },
        {
          "categoryId": "5-observability-optional-for-startup",
          "checkboxLabel": "Implementation complete",
          "description": "Emit structured JSON logs and aggregate them in a centralized log platform.",
          "heading": "Structured Log Aggregation & Search",
          "headingRaw": "Structured Log Aggregation & Search",
          "id": "structured-log-aggregation-search",
          "keyConcepts": [
            "JSON logging",
            "Correlation/request IDs",
            "Centralized log search",
          ],
          "orderInCategory": 2,
          "recommendedTools": "Datadog / Better Stack / Logtail / Grafana Loki",
          "sourceLine": 232,
          "sourceOrder": 18,
          "verificationGate": "Query the logging platform for a specific \`request_id\` and confirm all related logs can be correlated.",
          "whyItMatters": "Enables fast troubleshooting without SSH access to individual servers or containers.",
        },
        {
          "categoryId": "5-observability-optional-for-startup",
          "checkboxLabel": "Implementation complete",
          "description": "Configure external uptime checks for primary application endpoints with immediate notifications for outages.",
          "heading": "Uptime Monitoring & Basic Paging Alerts",
          "headingRaw": "Uptime Monitoring & Basic Paging Alerts",
          "id": "uptime-monitoring-basic-paging-alerts",
          "keyConcepts": [
            "Synthetic HTTP health checks",
            "Incident escalation",
            "Status page",
          ],
          "orderInCategory": 3,
          "recommendedTools": "UptimeRobot / Better Stack / Pingdom",
          "sourceLine": 244,
          "sourceOrder": 19,
          "verificationGate": "Simulate a \`503\` response from the health endpoint and confirm the configured on-call notification is triggered.",
          "whyItMatters": "Helps the team detect incidents before customers report them.",
        },
        {
          "categoryId": "5-observability-optional-for-startup",
          "checkboxLabel": "Implementation complete",
          "description": "Define and monitor Service Level Indicators (SLIs) and Service Level Objectives (SLOs) around the Four Golden Signals: Latency (p50, p95, p99), Traffic, Errors, and Saturation.",
          "heading": "Golden Signals, SLIs & SLO Tracking",
          "headingRaw": "Golden Signals, SLIs & SLO Tracking",
          "id": "golden-signals-slis-slo-tracking",
          "keyConcepts": [
            "Four Golden Signals (Latency, Traffic, Errors, Saturation)",
            "Percentile tracking (p95 / p99)",
            "Error budget burn alerts",
          ],
          "orderInCategory": 4,
          "recommendedTools": "Prometheus & Grafana / Datadog / OpenTelemetry / CloudWatch",
          "sourceLine": 256,
          "sourceOrder": 20,
          "verificationGate": "Simulate artificial database latency on an endpoint; verify p99 latency alerts trigger even while basic uptime checks pass.",
          "whyItMatters": "Simple HTTP pingers miss silent degradations where endpoints respond with 200 OK but suffer severe 10-second latency or partial transaction failure.",
        },
        {
          "categoryId": "5-observability-optional-for-startup",
          "checkboxLabel": "Implementation complete",
          "description": "Instrument microservices, asynchronous workers, and database calls with distributed tracing using standard context propagation headers.",
          "heading": "Distributed APM & OpenTelemetry Tracing",
          "headingRaw": "Distributed APM & OpenTelemetry Tracing",
          "id": "distributed-apm-opentelemetry-tracing",
          "keyConcepts": [
            "Distributed tracing",
            "Context propagation (W3C \`traceparent\`)",
            "Span analysis",
          ],
          "orderInCategory": 5,
          "recommendedTools": "OpenTelemetry / Honeycomb / Datadog APM / Grafana Tempo",
          "sourceLine": 268,
          "sourceOrder": 21,
          "verificationGate": "Make a request touching multiple backend components and locate its complete end-to-end trace waterfall in the tracing dashboard.",
          "whyItMatters": "Allows engineers to pinpoint exact cross-service latency bottlenecks and database query stalls during production incidents.",
        },
        {
          "categoryId": "5-observability-optional-for-startup",
          "checkboxLabel": "Implementation complete",
          "description": "Establish clear on-call schedules, escalation paths, and notification routing so production alerts reach the appropriate engineer promptly.",
          "heading": "On-Call Rotation and Incident Routing (Optional for Startups)",
          "headingRaw": "On-Call Rotation and Incident Routing (Optional for Startups)",
          "id": "on-call-rotation-and-incident-routing-optional-for-startups",
          "keyConcepts": [
            "On-call schedules",
            "Escalation policies",
            "Alert severity levels",
          ],
          "orderInCategory": 6,
          "recommendedTools": "PagerDuty / Opsgenie / Better Stack incident routing / Slack-Pager integration",
          "sourceLine": 280,
          "sourceOrder": 22,
          "verificationGate": "Trigger a critical alert in staging and confirm that it pages or notifies the designated on-call engineer within the target SLA.",
          "whyItMatters": "Ensures monitoring alerts aren't lost in silent Slack channels or missed after hours.",
        },
      ],
      "sourceLine": 218,
      "title": "Observability (Optional For Startup)",
    },
    {
      "heading": "6. Disaster Recovery (Optional For Startup)",
      "id": "6-disaster-recovery-optional-for-startup",
      "ordinal": "6",
      "practices": [
        {
          "categoryId": "6-disaster-recovery-optional-for-startup",
          "checkboxLabel": "Implementation complete",
          "description": "Configure automated database backups and, where supported, continuous WAL/log archiving for point-in-time recovery.",
          "heading": "Automated Database Backups & Point-in-Time Recovery",
          "headingRaw": "Automated Database Backups & Point-in-Time Recovery",
          "id": "automated-database-backups-point-in-time-recovery",
          "keyConcepts": [
            "PITR — Point-in-Time Recovery",
            "Automated snapshots",
            "Offsite backup storage",
            "Defined RPO/RTO",
          ],
          "orderInCategory": 1,
          "recommendedTools": "Managed PostgreSQL/MySQL backup systems or equivalent database backup tooling",
          "sourceLine": 294,
          "sourceOrder": 23,
          "verificationGate": "Perform a restore drill into a test database and verify data integrity.",
          "whyItMatters": "Enables recovery from data corruption, accidental deletion, and operational mistakes with controlled data loss.",
        },
        {
          "categoryId": "6-disaster-recovery-optional-for-startup",
          "checkboxLabel": "Implementation complete",
          "description": "Ensure every production deployment can be rolled back safely to the previous stable release artifact.",
          "heading": "Documented Rollback Procedure & One-Click Reverts",
          "headingRaw": "Documented Rollback Procedure & One-Click Reverts",
          "id": "documented-rollback-procedure-one-click-reverts",
          "keyConcepts": [
            "Immutable artifacts",
            "Tagged container images / commit SHAs",
            "Fast revert",
            "Backward-compatible database migrations",
          ],
          "orderInCategory": 2,
          "recommendedTools": "Deployment-platform rollback / Argo CD / equivalent release tooling",
          "sourceLine": 307,
          "sourceOrder": 24,
          "verificationGate": "Trigger a rollback in staging and confirm the application returns to the previous stable release within the defined target.",
          "whyItMatters": "Fast rollback is one of the most important safeguards for high-velocity deployments.",
        },
      ],
      "sourceLine": 292,
      "title": "Disaster Recovery (Optional For Startup)",
    },
  ],
  "objective": {
    "closingParagraph": "Use this checklist to establish a lean, reliable, secure, and production-ready DevOps foundation without unnecessary infrastructure complexity.",
    "heading": "Objective",
    "leadParagraph": "Use this checklist to establish a lean, reliable, secure, and production-ready DevOps foundation without over-engineering or unnecessary infrastructure complexity.",
    "principles": [
      {
        "detail": "Fast feedback loops that keep engineers shipping code safely.",
        "id": "speed-developer-velocity",
        "term": "Speed & Developer Velocity",
      },
      {
        "detail": "Low operational overhead over complex toolchains.",
        "id": "simplicity-first",
        "term": "Simplicity First",
      },
      {
        "detail": "Catch errors in CI/CD rather than in production.",
        "id": "automated-quality-gates",
        "term": "Automated Quality Gates",
      },
      {
        "detail": "Shift-left security without slowing down delivery.",
        "id": "security-by-default",
        "term": "Security by Default",
      },
      {
        "detail": "High-visibility metrics, logs, and traces for rapid debugging.",
        "id": "observable-systems",
        "term": "Observable Systems",
      },
      {
        "detail": "Reliable backups, safe rollbacks, and non-breaking migrations.",
        "id": "resilience-recovery",
        "term": "Resilience & Recovery",
      },
    ],
    "principlesLabel": "Operating principles",
  },
  "title": "DevOps Implementation Guide",
}
`;

exports[`fidelity — generated content tree snapshot > matches the recorded shape of the tracker 1`] = `
{
  "alternateColumns": [
    {
      "field": "sn",
      "header": "S.N",
    },
    {
      "field": "category",
      "header": "Category",
    },
    {
      "field": "companyStage",
      "header": "Company Stage",
    },
    {
      "field": "implementationBy",
      "header": "Implementation By",
    },
    {
      "field": "implementationItem",
      "header": "Implementation Item",
    },
    {
      "field": "priority",
      "header": "Priority",
    },
    {
      "field": "status",
      "header": "Status",
    },
    {
      "field": "targetDate",
      "header": "Target Date",
    },
    {
      "field": "verificationGate",
      "header": "Verification Gate",
    },
    {
      "field": "verified",
      "header": "Verified",
    },
    {
      "field": "verifiedBy",
      "header": "Verified By",
    },
  ],
  "columns": [
    {
      "field": "sn",
      "header": "S.N",
    },
    {
      "field": "category",
      "header": "Category",
    },
    {
      "field": "implementationItem",
      "header": "Implementation Item",
    },
    {
      "field": "implementationBy",
      "header": "Implementation By",
    },
    {
      "field": "companyStage",
      "header": "Company Stage",
    },
    {
      "field": "priority",
      "header": "Priority",
    },
    {
      "field": "status",
      "header": "Status",
    },
    {
      "field": "targetDate",
      "header": "Target Date",
    },
    {
      "field": "verificationGate",
      "header": "Verification Gate",
    },
    {
      "field": "verified",
      "header": "Verified",
    },
    {
      "field": "verifiedBy",
      "header": "Verified By",
    },
  ],
  "rows": [
    {
      "category": "SCM & CI/CD",
      "companyStage": "For All",
      "implementationBy": "",
      "implementationItem": "Branch Protections & Single PR Approvals",
      "priority": "P0",
      "rowKey": "st-01--scm-ci-cd",
      "sn": "ST-01",
      "sourceOrder": 1,
      "status": "Not Started",
      "targetDate": "",
      "verificationGate": "Attempt direct push to main; push must be rejected.",
      "verified": "No",
      "verifiedBy": "",
    },
    {
      "category": "SCM & CI/CD",
      "companyStage": "For All",
      "implementationBy": "",
      "implementationItem": "Automated CI Pipelines for Main & Pull Requests",
      "priority": "P0",
      "rowKey": "st-02--scm-ci-cd",
      "sn": "ST-02",
      "sourceOrder": 2,
      "status": "Not Started",
      "targetDate": "",
      "verificationGate": "Broken test must fail CI and block merge.",
      "verified": "No",
      "verifiedBy": "",
    },
    {
      "category": "SCM & CI/CD",
      "companyStage": "For All",
      "implementationBy": "",
      "implementationItem": "Automated Secret Scanning",
      "priority": "P0",
      "rowKey": "st-03--scm-ci-cd",
      "sn": "ST-03",
      "sourceOrder": 3,
      "status": "Not Started",
      "targetDate": "",
      "verificationGate": "Dummy secret-like value must trigger scanner.",
      "verified": "No",
      "verifiedBy": "",
    },
    {
      "category": "SCM & CI/CD",
      "companyStage": "For All",
      "implementationBy": "",
      "implementationItem": "Backward-Compatible Migrations",
      "priority": "P1",
      "rowKey": "st-04--scm-ci-cd",
      "sn": "ST-04",
      "sourceOrder": 4,
      "status": "Not Started",
      "targetDate": "",
      "verificationGate": "Simulate a rollback from Version N+1 to Version N with the new schema; the older version must function without errors.",
      "verified": "No",
      "verifiedBy": "",
    },
    {
      "category": "SCM & CI/CD",
      "companyStage": "Optional For Startup",
      "implementationBy": "",
      "implementationItem": "Progressive Delivery & Canary Deployments",
      "priority": "P1",
      "rowKey": "st-05--scm-ci-cd",
      "sn": "ST-05",
      "sourceOrder": 5,
      "status": "Not Started",
      "targetDate": "",
      "verificationGate": "Deploy a release configured to route 10% of traffic to a canary build; verify traffic splits accurately and automated rollback triggers if canary metrics fail.",
      "verified": "No",
      "verifiedBy": "",
    },
    {
      "category": "Infrastructure",
      "companyStage": "For All",
      "implementationBy": "",
      "implementationItem": "Managed Application Platforms",
      "priority": "P1",
      "rowKey": "st-06--infrastructure",
      "sn": "ST-06",
      "sourceOrder": 6,
      "status": "Not Started",
      "targetDate": "",
      "verificationGate": "Verify scaling and automatic TLS management.",
      "verified": "No",
      "verifiedBy": "",
    },
    {
      "category": "Infrastructure",
      "companyStage": "For All",
      "implementationBy": "",
      "implementationItem": "Infrastructure as Code",
      "priority": "P1",
      "rowKey": "st-07--infrastructure",
      "sn": "ST-07",
      "sourceOrder": 7,
      "status": "Not Started",
      "targetDate": "",
      "verificationGate": "Confirm infrastructure is tracked in IaC state.",
      "verified": "No",
      "verifiedBy": "",
    },
    {
      "category": "Infrastructure",
      "companyStage": "Optional For Startup",
      "implementationBy": "",
      "implementationItem": "Isolated Staging & Production",
      "priority": "P0",
      "rowKey": "st-08--infrastructure",
      "sn": "ST-08",
      "sourceOrder": 8,
      "status": "Not Started",
      "targetDate": "",
      "verificationGate": "Staging must not connect to production DB.",
      "verified": "No",
      "verifiedBy": "",
    },
    {
      "category": "Infrastructure",
      "companyStage": "Optional For Startup",
      "implementationBy": "",
      "implementationItem": "Edge Security, WAF & Ingress Rate Limiting",
      "priority": "P1",
      "rowKey": "st-09--infrastructure",
      "sn": "ST-09",
      "sourceOrder": 9,
      "status": "Not Started",
      "targetDate": "",
      "verificationGate": "Execute an automated script exceeding the allowed request threshold against an API endpoint; the gateway must return HTTP 429 Too Many Requests.",
      "verified": "No",
      "verifiedBy": "",
    },
    {
      "category": "Infrastructure",
      "companyStage": "For All",
      "implementationBy": "",
      "implementationItem": "Cloud FinOps Guardrails & Budget Ceilings",
      "priority": "P0",
      "rowKey": "st-10--infrastructure",
      "sn": "ST-10",
      "sourceOrder": 10,
      "status": "Not Started",
      "targetDate": "",
      "verificationGate": "Set a deliberate test billing notification threshold near current spend and verify automated notification arrives in the engineering alerting channel.",
      "verified": "No",
      "verifiedBy": "",
    },
    {
      "category": "Testing & Quality",
      "companyStage": "For All",
      "implementationBy": "",
      "implementationItem": "Core Integration & API Tests",
      "priority": "P0",
      "rowKey": "st-10--testing-quality",
      "sn": "ST-10",
      "sourceOrder": 11,
      "status": "Not Started",
      "targetDate": "",
      "verificationGate": "Run critical E2E/integration tests before production.",
      "verified": "No",
      "verifiedBy": "",
    },
    {
      "category": "Testing & Quality",
      "companyStage": "Optional For Startup",
      "implementationBy": "",
      "implementationItem": "Pinned Dependencies & Security Audits",
      "priority": "P1",
      "rowKey": "st-11--testing-quality",
      "sn": "ST-11",
      "sourceOrder": 12,
      "status": "Not Started",
      "targetDate": "",
      "verificationGate": "Lockfile exists and dependency alerts are enabled.",
      "verified": "No",
      "verifiedBy": "",
    },
    {
      "category": "Security",
      "companyStage": "Optional For Startup",
      "implementationBy": "",
      "implementationItem": "Centralized Secret Management",
      "priority": "P0",
      "rowKey": "st-12--security",
      "sn": "ST-12",
      "sourceOrder": 13,
      "status": "Not Started",
      "targetDate": "",
      "verificationGate": "No real production secrets in repositories.",
      "verified": "No",
      "verifiedBy": "",
    },
    {
      "category": "Security",
      "companyStage": "For All",
      "implementationBy": "",
      "implementationItem": "Container Vulnerability Scanning",
      "priority": "P0",
      "rowKey": "st-13--security",
      "sn": "ST-13",
      "sourceOrder": 14,
      "status": "Not Started",
      "targetDate": "",
      "verificationGate": "Known vulnerable image must be detected.",
      "verified": "No",
      "verifiedBy": "",
    },
    {
      "category": "Security",
      "companyStage": "For All",
      "implementationBy": "",
      "implementationItem": "Enforced Two-Factor Authentication",
      "priority": "P0",
      "rowKey": "st-14--security",
      "sn": "ST-14",
      "sourceOrder": 15,
      "status": "Not Started",
      "targetDate": "",
      "verificationGate": "Verify 2FA enforcement across critical SaaS tools.",
      "verified": "No",
      "verifiedBy": "",
    },
    {
      "category": "Security",
      "companyStage": "For All",
      "implementationBy": "",
      "implementationItem": "Secure Container Registries & Access Control",
      "priority": "P0",
      "rowKey": "st-15--security",
      "sn": "ST-15",
      "sourceOrder": 16,
      "status": "Not Started",
      "targetDate": "",
      "verificationGate": "Attempt to pull a production container image using an expired or unauthenticated token; request must be denied.",
      "verified": "No",
      "verifiedBy": "",
    },
    {
      "category": "Observability",
      "companyStage": "Optional For Startup",
      "implementationBy": "",
      "implementationItem": "Centralized Exception Tracking",
      "priority": "P0",
      "rowKey": "st-16--observability",
      "sn": "ST-16",
      "sourceOrder": 17,
      "status": "Not Started",
      "targetDate": "",
      "verificationGate": "Controlled staging error must generate an alert.",
      "verified": "No",
      "verifiedBy": "",
    },
    {
      "category": "Observability",
      "companyStage": "Optional For Startup",
      "implementationBy": "",
      "implementationItem": "Structured Log Aggregation & Search",
      "priority": "P0",
      "rowKey": "st-17--observability",
      "sn": "ST-17",
      "sourceOrder": 18,
      "status": "Not Started",
      "targetDate": "",
      "verificationGate": "Search by request_id and correlate logs.",
      "verified": "No",
      "verifiedBy": "",
    },
    {
      "category": "Observability",
      "companyStage": "Optional For Startup",
      "implementationBy": "",
      "implementationItem": "Uptime Monitoring & Paging Alerts",
      "priority": "P0",
      "rowKey": "st-18--observability",
      "sn": "ST-18",
      "sourceOrder": 19,
      "status": "Not Started",
      "targetDate": "",
      "verificationGate": "Simulated 503 must trigger an alert.",
      "verified": "No",
      "verifiedBy": "",
    },
    {
      "category": "Observability",
      "companyStage": "Optional For Startup",
      "implementationBy": "",
      "implementationItem": "Golden Signals, SLIs & SLO Tracking",
      "priority": "P2",
      "rowKey": "st-19--observability",
      "sn": "ST-19",
      "sourceOrder": 20,
      "status": "Not Started",
      "targetDate": "",
      "verificationGate": "Simulate artificial database latency on an endpoint; verify p99 latency alerts trigger even while basic uptime checks pass.",
      "verified": "No",
      "verifiedBy": "",
    },
    {
      "category": "Observability",
      "companyStage": "Optional For Startup",
      "implementationBy": "",
      "implementationItem": "Distributed APM & OpenTelemetry Tracing",
      "priority": "P2",
      "rowKey": "st-20--observability",
      "sn": "ST-20",
      "sourceOrder": 21,
      "status": "Not Started",
      "targetDate": "",
      "verificationGate": "Make a request touching multiple backend components and locate its complete end-to-end trace waterfall in the tracing dashboard.",
      "verified": "No",
      "verifiedBy": "",
    },
    {
      "category": "Observability",
      "companyStage": "Optional For Startup",
      "implementationBy": "",
      "implementationItem": "On-Call Rotation & Incident Routing",
      "priority": "P1",
      "rowKey": "st-21--observability",
      "sn": "ST-21",
      "sourceOrder": 22,
      "status": "Not Started",
      "targetDate": "",
      "verificationGate": "Trigger a critical alert outside working hours and confirm it pages the designated on-call engineer.",
      "verified": "No",
      "verifiedBy": "",
    },
    {
      "category": "Disaster Recovery",
      "companyStage": "Optional For Startup",
      "implementationBy": "",
      "implementationItem": "Rollback Procedure & One-Click Reverts",
      "priority": "P0",
      "rowKey": "st-22--disaster-recovery",
      "sn": "ST-22",
      "sourceOrder": 23,
      "status": "Not Started",
      "targetDate": "",
      "verificationGate": "Rollback to previous stable release successfully.",
      "verified": "No",
      "verifiedBy": "",
    },
    {
      "category": "Disaster Recovery",
      "companyStage": "Optional For Startup",
      "implementationBy": "",
      "implementationItem": "Database Backups & PITR",
      "priority": "P0",
      "rowKey": "st-23--disaster-recovery",
      "sn": "ST-23",
      "sourceOrder": 24,
      "status": "Not Started",
      "targetDate": "",
      "verificationGate": "Complete a restore drill and verify integrity.",
      "verified": "No",
      "verifiedBy": "",
    },
  ],
}
`;
